EN kbcodes NULL C:/Xilinx92i/iMasterBlock10/kbCodes.vhd sub00/vhpl26 1240629133
AR display behavioral C:/Xilinx92i/iMasterBlock15/Display.vhd sub00/vhpl15 1242135026
AR bbfifo_16x8 low_level_definition C:/Xilinx92i/iMasterBlock15/bbfifo_16x8.vhd sub00/vhpl05 1242135016
AR easistencias easistencias_a C:/Xilinx92i/iMasterBlock15/eAsistencias.vhd sub00/vhpl49 1242135048
EN display NULL C:/Xilinx92i/iMasterBlock15/Display.vhd sub00/vhpl14 1242135025
EN edobles NULL C:/Xilinx92i/iMasterBlock15/eDobles.vhd sub00/vhpl36 1242135035
EN keyboard NULL C:/Xilinx92i/iMasterBlock10/keyboard.vhd sub00/vhpl24 1240629131
EN mainmaster NULL C:/Xilinx92i/iMasterBlock15/mainMaster.vhd sub00/vhpl00 1242271337
AR kbcodes behavioral C:/Xilinx92i/iMasterBlock10/kbCodes.vhd sub00/vhpl27 1240629134
AR eplayeras eplayeras_a C:/Xilinx92i/iMasterBlock15/ePlayeras.vhd sub00/vhpl47 1242135046
AR uart_tx macro_level_definition C:/Xilinx92i/iMasterBlock15/uart_tx.vhd sub00/vhpl09 1242135020
AR oneshot behavioral C:/Xilinx92i/iMasterBlock15/OneShot.vhd sub00/vhpl19 1242135028
EN erebotes NULL C:/Xilinx92i/iMasterBlock15/eRebotes.vhd sub00/vhpl44 1242135043
AR evento behavioral C:/Xilinx92i/iMasterBlock9/Evento.vhd sub00/vhpl33 1240015655
AR kcuart_tx low_level_definition C:/Xilinx92i/iMasterBlock15/kcuart_tx.vhd sub00/vhpl07 1242135018
AR elibres elibres_a C:/Xilinx92i/iMasterBlock15/eLibres.vhd sub00/vhpl39 1242135038
AR clks behavioral C:/Xilinx92i/iMasterBlock15/CLKs.vhd sub00/vhpl13 1242135024
AR mainmaster behavioral C:/Xilinx92i/iMasterBlock15/mainMaster.vhd sub00/vhpl01 1242271338
AR serialcomm behavioral C:/Xilinx92i/iMasterBlock15/serialComm.vhd sub00/vhpl17 1242135050
EN eplayeras NULL C:/Xilinx92i/iMasterBlock15/ePlayeras.vhd sub00/vhpl46 1242135045
AR uart_rx macro_level_definition C:/Xilinx92i/iMasterBlock15/uart_rx.vhd sub00/vhpl11 1242135022
AR keyboard behavioral C:/Xilinx92i/iMasterBlock10/keyboard.vhd sub00/vhpl25 1240629132
EN fft NULL C:/Xilinx92i/iMasterBlock15/FFT.vhd sub00/vhpl22 1242135029
AR etriples etriples_a C:/Xilinx92i/iMasterBlock15/eTriples.vhd sub00/vhpl41 1242135042
AR fft behavioral C:/Xilinx92i/iMasterBlock15/FFT.vhd sub00/vhpl23 1242135030
EN clks NULL C:/Xilinx92i/iMasterBlock15/CLKs.vhd sub00/vhpl12 1242135023
AR registroteclaskb behavioral C:/Xilinx92i/iMasterBlock10/RegistroTeclasKB.vhd sub00/vhpl29 1240629136
AR registropanel behavioral C:/Xilinx92i/iMasterBlock15/RegistroPanel.vhd sub00/vhpl31 1242135032
EN kcuart_rx NULL C:/Xilinx92i/iMasterBlock15/kcuart_rx.vhd sub00/vhpl02 1242135013
AR efaltas efaltas_a C:/Xilinx92i/iMasterBlock15/eFaltas.vhd sub00/vhpl43 1242135040
EN registroteclaskb NULL C:/Xilinx92i/iMasterBlock10/RegistroTeclasKB.vhd sub00/vhpl28 1240629135
EN efaltas NULL C:/Xilinx92i/iMasterBlock15/eFaltas.vhd sub00/vhpl42 1242135039
EN kcuart_tx NULL C:/Xilinx92i/iMasterBlock15/kcuart_tx.vhd sub00/vhpl06 1242135017
EN easistencias NULL C:/Xilinx92i/iMasterBlock15/eAsistencias.vhd sub00/vhpl48 1242135047
EN serialcomm NULL C:/Xilinx92i/iMasterBlock15/serialComm.vhd sub00/vhpl16 1242135049
EN evento NULL C:/Xilinx92i/iMasterBlock9/Evento.vhd sub00/vhpl32 1240015654
EN bbfifo_16x8 NULL C:/Xilinx92i/iMasterBlock15/bbfifo_16x8.vhd sub00/vhpl04 1242135015
AR registro behavioral C:/Xilinx92i/iMasterBlock15/Registro.vhd sub00/vhpl21 1242135034
AR edobles edobles_a C:/Xilinx92i/iMasterBlock15/eDobles.vhd sub00/vhpl37 1242135036
AR erebotes erebotes_a C:/Xilinx92i/iMasterBlock15/eRebotes.vhd sub00/vhpl45 1242135044
EN registropanel NULL C:/Xilinx92i/iMasterBlock15/RegistroPanel.vhd sub00/vhpl30 1242135031
EN contador NULL C:/Xilinx92i/iMasterRedux7/contador.vhd sub00/vhpl34 1238282258
EN etriples NULL C:/Xilinx92i/iMasterBlock15/eTriples.vhd sub00/vhpl40 1242135041
EN uart_rx NULL C:/Xilinx92i/iMasterBlock15/uart_rx.vhd sub00/vhpl10 1242135021
AR contador behavioral C:/Xilinx92i/iMasterRedux7/contador.vhd sub00/vhpl35 1238282259
AR kcuart_rx low_level_definition C:/Xilinx92i/iMasterBlock15/kcuart_rx.vhd sub00/vhpl03 1242135014
EN uart_tx NULL C:/Xilinx92i/iMasterBlock15/uart_tx.vhd sub00/vhpl08 1242135019
EN oneshot NULL C:/Xilinx92i/iMasterBlock15/OneShot.vhd sub00/vhpl18 1242135027
EN registro NULL C:/Xilinx92i/iMasterBlock15/Registro.vhd sub00/vhpl20 1242135033
EN elibres NULL C:/Xilinx92i/iMasterBlock15/eLibres.vhd sub00/vhpl38 1242135037
